# Dipoles in debye
    0.8491     1.1493     2.5413
   -0.4092    -2.4237     2.8435
    0.3800    -0.3919     2.8644
    0.3995    -0.1487    -0.0732
    0.0989    -0.0361    -0.0178
   -0.2356     0.0546     0.0107
    0.1151    -0.0264    -0.0056
    0.1131     1.2098    -3.8617
    0.7554     1.3117     3.0735
   -0.2371     0.0709     0.0280
   -0.2775     0.0834     0.0328
    0.1220    -0.1085     1.8355
    0.1136    -0.0320    -0.0091
   -1.5100    -2.5334    -0.0132
   -0.6390    -1.0100    -0.3548
    0.0986    -0.2557     2.3812
    1.3948     2.3484    -1.0210
    1.8886     1.7989     2.7060
   -0.6933    -1.7928     2.1919
    0.3706    -0.2153    -0.0590
    0.0923    -0.0521    -0.0142
