# Magnetic Dipoles
   -0.9763     0.3578     0.1643
   -0.9719     0.3617     0.1786
   -1.2033     0.2775     0.0523
   -0.2237    -0.5595    -0.4820
   -1.1839     0.3418     0.0989
   -0.3844    -0.6969     0.2887
   -0.8480     0.5898     0.1997
    0.9011    -0.5246    -0.1435
   -0.3063    -0.7883     0.0118
    0.9753    -0.3934    -0.0381
    1.1948    -0.2712    -0.1633
    1.0725    -0.3692    -0.4907
