# Created with Exat - EXcitonic Analysis Tool - Version 2.6.8
# Initial command: 
# /home/lorenzo/molecolab_tools/exat/src/exat.py -g oldh36 -v Test3.in -i NMR4_Vac.log --seltran --anadipo Test3.anadipo.in -o ref3
# State Energy     mu^2      LD       RotStr 
  1     4.9720     0.0012     0.0005     0.1003 
  2     4.9724     0.0008     0.0024    -0.1257 
  3     5.1168     0.0311     0.0852    19.9108 
  4     5.1301     0.3414     0.4163   180.3520 
  5     5.1320     0.8241    -1.2279   -52.9799 
  6     5.1467     0.7985     0.9365  -214.9690 
  7     5.3092     0.0436    -0.0625     9.4018 
  8     5.3157     0.5275     0.8556  -150.7758 
  9     5.3360     1.3311    -1.4890   297.5354 
 10     5.3667     2.2597    -2.0055   779.6802 
 11     5.3805     2.3227     6.0343  -820.6906 
 12     5.3890     0.2061     0.5792   -47.7813 
