# Dipoles in debye
    1.0904     2.4722     1.0951
    0.9627     1.4258     2.3543
    0.1487     0.9390    -1.5787
   -0.0056    -0.0646     0.1165
    0.5265     1.7464     0.2623
    0.0085     0.0266    -0.0696
    0.4258     1.4533    -2.4919
   -1.3864    -2.5172     0.4906
   -0.0270    -0.0434    -0.0549
   -0.3568    -1.1432     2.6586
   -0.4546    -1.1988    -1.3237
   -0.6710    -1.7066    -0.1814
