# Created with Exat - EXcitonic Analysis Tool - Version 3.0.0
# Initial command: 
# /home/lore/molecolab_tools/exat/src/exat.py -vvv -g oldh36 Test4.in -i NMR4_Vac.log --seltran --reorient 1 2 --mag -o test4
# State Energy     mu^2      LD       RotStr 
  1     4.9720     0.0009    -0.0011     0.9028 
  2     4.9724     0.0009    -0.0012    -0.5073 
  3     5.1302     0.4369    -0.5210   -99.2373 
  4     5.1331     0.5779     1.0776    88.9910 
  5     5.3157     0.0862    -0.1146  -148.6252 
  6     5.3409     1.0038     0.4095   145.4982 
  7     5.3674     2.8428     8.3937    37.5051 
  8     5.3886     0.0546     0.1325   -25.3188 
