# Dipoles in debye
    0.8491     1.1493     2.5413
    0.3800    -0.3919     2.8644
    0.4074     1.6208     0.7767
    0.1271    -0.0376    -0.0145
    0.1220    -0.1085     1.8355
    0.0640    -0.0384    -0.0069
    1.3948     2.3484    -1.0210
   -0.6933    -1.7928     2.1919
