   -0.0569     0.3993    -0.1835     0.2158
  173.5117    -4.5116   203.7075   199.1959
 -177.2429     0.8827  -207.4594  -206.5767
   45.2075     7.5686    51.3176    58.8861
  149.1085    -0.6769   167.7967   167.1198
 1286.5626   -34.8283  1369.6201  1334.7918
-1477.9839    32.6180 -1580.9314 -1548.3135
   -1.6677    -1.4912    -1.0353    -2.5265
